// Jest Snapshot v1, https://goo.gl/fbAQLP

exports[`should render ExpenseItem correctly 1`] = `ShallowWrapper {}`;
