// Jest Snapshot v1, https://goo.gl/fbAQLP

exports[`should render ExpenseForm correctly 1`] = `ShallowWrapper {}`;
