// Jest Snapshot v1, https://goo.gl/fbAQLP

exports[`should render RedZone Amount correctly 1`] = `ShallowWrapper {}`;
