// Jest Snapshot v1, https://goo.gl/fbAQLP

exports[`should render SideBar correctly 1`] = `ShallowWrapper {}`;
