// Jest Snapshot v1, https://goo.gl/fbAQLP

exports[`should render Statistics correctly 1`] = `ShallowWrapper {}`;
