// Jest Snapshot v1, https://goo.gl/fbAQLP

exports[`should render UpdateExpense correctly 1`] = `ShallowWrapper {}`;
